Initial
handler 1
  do that
handler 2
  do this no matter what
